Flow report for display7seg
Fri Aug 30 10:46:12 2019
Quartus Prime Version 18.1.0 Build 625 09/12/2018 SJ Lite Edition


---------------------
; Table of Contents ;
---------------------
  1. Legal Notice
  2. Flow Summary
  3. Flow Settings
  4. Flow Non-Default Global Settings
  5. Flow Elapsed Time
  6. Flow OS Summary
  7. Flow Log
  8. Flow Messages
  9. Flow Suppressed Messages



----------------
; Legal Notice ;
----------------
Copyright (C) 2018  Intel Corporation. All rights reserved.
Your use of Intel Corporation's design tools, logic functions 
and other software and tools, and its AMPP partner logic 
functions, and any output files from any of the foregoing 
(including device programming or simulation files), and any 
associated documentation or information are expressly subject 
to the terms and conditions of the Intel Program License 
Subscription Agreement, the Intel Quartus Prime License Agreement,
the Intel FPGA IP License Agreement, or other applicable license
agreement, including, without limitation, that your use is for
the sole purpose of programming logic devices manufactured by
Intel and sold by Intel or its authorized distributors.  Please
refer to the applicable agreement for further details.



+---------------------------------------------------------------------------------+
; Flow Summary                                                                    ;
+-----------------------------------+---------------------------------------------+
; Flow Status                       ; Successful - Fri Aug 30 10:46:12 2019       ;
; Quartus Prime Version             ; 18.1.0 Build 625 09/12/2018 SJ Lite Edition ;
; Revision Name                     ; display7seg                                 ;
; Top-level Entity Name             ; display7seg_main                            ;
; Family                            ; Arria II GX                                 ;
; Device                            ; EP2AGX45DF25I3                              ;
; Timing Models                     ; Final                                       ;
; Logic utilization                 ; N/A                                         ;
;     Combinational ALUTs           ; 7                                           ;
;     Memory ALUTs                  ; 0                                           ;
;     Dedicated logic registers     ; 0                                           ;
; Total registers                   ; 0                                           ;
; Total pins                        ; 11                                          ;
; Total virtual pins                ; 0                                           ;
; Total block memory bits           ; 0                                           ;
; DSP block 18-bit elements         ; 0                                           ;
; Total GXB Receiver Channel PCS    ; 0                                           ;
; Total GXB Receiver Channel PMA    ; 0                                           ;
; Total GXB Transmitter Channel PCS ; 0                                           ;
; Total GXB Transmitter Channel PMA ; 0                                           ;
; Total PLLs                        ; 0                                           ;
; Total DLLs                        ; 0                                           ;
+-----------------------------------+---------------------------------------------+


+-----------------------------------------+
; Flow Settings                           ;
+-------------------+---------------------+
; Option            ; Setting             ;
+-------------------+---------------------+
; Start date & time ; 08/30/2019 10:46:00 ;
; Main task         ; Compilation         ;
; Revision Name     ; display7seg         ;
+-------------------+---------------------+


+------------------------------------------------------------------------------------------------------------------------------------------+
; Flow Non-Default Global Settings                                                                                                         ;
+--------------------------------------+----------------------------------------+---------------+------------------+-----------------------+
; Assignment Name                      ; Value                                  ; Default Value ; Entity Name      ; Section Id            ;
+--------------------------------------+----------------------------------------+---------------+------------------+-----------------------+
; COMPILER_SIGNATURE_ID                ; 132098962150763.156715475900484        ; --            ; --               ; --                    ;
; EDA_DESIGN_INSTANCE_NAME             ; NA                                     ; --            ; --               ; display7seg_testbench ;
; EDA_NATIVELINK_SIMULATION_TEST_BENCH ; display7seg_testbench                  ; --            ; --               ; eda_simulation        ;
; EDA_OUTPUT_DATA_FORMAT               ; Verilog Hdl                            ; --            ; --               ; eda_simulation        ;
; EDA_SIMULATION_TOOL                  ; ModelSim-Altera (Verilog)              ; <None>        ; --               ; --                    ;
; EDA_TEST_BENCH_ENABLE_STATUS         ; TEST_BENCH_MODE                        ; --            ; --               ; eda_simulation        ;
; EDA_TEST_BENCH_FILE                  ; display7seg_testbench.v                ; --            ; --               ; display7seg_testbench ;
; EDA_TEST_BENCH_MODULE_NAME           ; display7seg_testbench                  ; --            ; --               ; display7seg_testbench ;
; EDA_TEST_BENCH_NAME                  ; display7seg_testbench                  ; --            ; --               ; eda_simulation        ;
; EDA_TIME_SCALE                       ; 1 ps                                   ; --            ; --               ; eda_simulation        ;
; MAX_CORE_JUNCTION_TEMP               ; 85                                     ; --            ; --               ; --                    ;
; MIN_CORE_JUNCTION_TEMP               ; 0                                      ; --            ; --               ; --                    ;
; PARTITION_COLOR                      ; -- (Not supported for targeted family) ; --            ; display7seg_main ; Top                   ;
; PARTITION_FITTER_PRESERVATION_LEVEL  ; -- (Not supported for targeted family) ; --            ; display7seg_main ; Top                   ;
; PARTITION_NETLIST_TYPE               ; -- (Not supported for targeted family) ; --            ; display7seg_main ; Top                   ;
; POWER_BOARD_THERMAL_MODEL            ; None (CONSERVATIVE)                    ; --            ; --               ; --                    ;
; POWER_PRESET_COOLING_SOLUTION        ; 23 MM HEAT SINK WITH 200 LFPM AIRFLOW  ; --            ; --               ; --                    ;
; PROJECT_OUTPUT_DIRECTORY             ; output_files                           ; --            ; --               ; --                    ;
; TOP_LEVEL_ENTITY                     ; display7seg_main                       ; display7seg   ; --               ; --                    ;
+--------------------------------------+----------------------------------------+---------------+------------------+-----------------------+


+--------------------------------------------------------------------------------------------------------------------------+
; Flow Elapsed Time                                                                                                        ;
+----------------------+--------------+-------------------------+---------------------+------------------------------------+
; Module Name          ; Elapsed Time ; Average Processors Used ; Peak Virtual Memory ; Total CPU Time (on all processors) ;
+----------------------+--------------+-------------------------+---------------------+------------------------------------+
; Analysis & Synthesis ; 00:00:13     ; 1.0                     ; 4829 MB             ; 00:00:28                           ;
; Total                ; 00:00:13     ; --                      ; --                  ; 00:00:28                           ;
+----------------------+--------------+-------------------------+---------------------+------------------------------------+


+------------------------------------------------------------------------------------+
; Flow OS Summary                                                                    ;
+----------------------+------------------+------------+------------+----------------+
; Module Name          ; Machine Hostname ; OS Name    ; OS Version ; Processor type ;
+----------------------+------------------+------------+------------+----------------+
; Analysis & Synthesis ; DESKTOP-FHDHVTE  ; Windows 10 ; 10.0       ; x86_64         ;
+----------------------+------------------+------------+------------+----------------+


------------
; Flow Log ;
------------
quartus_map --read_settings_files=on --write_settings_files=off display7seg -c display7seg



